#-----------------------------------------------------------
# Vivado v2018.2 (64-bit)
# SW Build 2258646 on Thu Jun 14 20:03:12 MDT 2018
# IP Build 2256618 on Thu Jun 14 22:10:49 MDT 2018
# Start of session at: Mon Dec 10 17:36:28 2018
# Process ID: 856
# Current directory: C:/Users/varou/OpenSesame/project_arm_quickmaffs
# Command line: vivado.exe -gui_launcher_event rodinguilauncherevent13376 C:\Users\varou\OpenSesame\project_arm_quickmaffs\project_arm_quickmaffs.xpr
# Log file: C:/Users/varou/OpenSesame/project_arm_quickmaffs/vivado.log
# Journal file: C:/Users/varou/OpenSesame/project_arm_quickmaffs\vivado.jou
#-----------------------------------------------------------
start_gui
open_project C:/Users/varou/OpenSesame/project_arm_quickmaffs/project_arm_quickmaffs.xpr
update_compile_order -fileset sources_1
open_bd_design {C:/Users/varou/OpenSesame/project_arm_quickmaffs/project_arm_quickmaffs.srcs/sources_1/bd/design_1/design_1.bd}
launch_sdk -workspace C:/Users/varou/OpenSesame/project_arm_quickmaffs/project_arm_quickmaffs.sdk -hwspec C:/Users/varou/OpenSesame/project_arm_quickmaffs/project_arm_quickmaffs.sdk/design_1_wrapper.hdf
open_hw
connect_hw_server
open_hw_target
set_property PROGRAM.FILE {C:/Users/varou/OpenSesame/project_arm_quickmaffs/project_arm_quickmaffs.runs/impl_1/design_1_wrapper.bit} [get_hw_devices xc7z020_1]
current_hw_device [get_hw_devices xc7z020_1]
refresh_hw_device -update_hw_probes false [lindex [get_hw_devices xc7z020_1] 0]
set_property PROBES.FILE {} [get_hw_devices xc7z020_1]
set_property FULL_PROBES.FILE {} [get_hw_devices xc7z020_1]
set_property PROGRAM.FILE {C:/Users/varou/OpenSesame/project_arm_quickmaffs/project_arm_quickmaffs.runs/impl_1/design_1_wrapper.bit} [get_hw_devices xc7z020_1]
program_hw_devices [get_hw_devices xc7z020_1]
refresh_hw_device [lindex [get_hw_devices xc7z020_1] 0]
close_hw
ipx::edit_ip_in_project -upgrade true -name quickmaffs_v1_0_project -directory C:/Users/varou/OpenSesame/project_arm_quickmaffs/project_arm_quickmaffs.tmp/quickmaffs_v1_0_project c:/Users/varou/ip_repo/quickmaffs_1.0/component.xml
update_compile_order -fileset sources_1
ipx::merge_project_changes hdl_parameters [ipx::current_core]
ipx::update_checksums [ipx::current_core]
ipx::save_core [ipx::current_core]
set_property previous_version_for_upgrade xilinx.com:user:quickmaffs:1.0 [ipx::current_core]
set_property core_revision 1 [ipx::current_core]
ipx::create_xgui_files [ipx::current_core]
ipx::update_checksums [ipx::current_core]
ipx::save_core [ipx::current_core]
ipx::check_integrity -quiet [ipx::current_core]
ipx::archive_core {c:\Users\varou\ip_repo\quickmaffs_1.0\xilinx.com_user_quickmaffs_1.1.zip} [ipx::current_core]
current_project project_arm_quickmaffs
report_ip_status -name ip_status 
set_property core_revision 1 [ipx::current_core]
ipx::create_xgui_files [ipx::current_core]
ipx::update_checksums [ipx::current_core]
ipx::save_core [ipx::current_core]
ipx::check_integrity -quiet [ipx::current_core]
ipx::archive_core {c:\Users\varou\ip_repo\quickmaffs_1.0\xilinx.com_user_quickmaffs_1.1.zip} [ipx::current_core]
current_project quickmaffs_v1_0_project
ipx::move_temp_component_back -component [ipx::current_core]
close_project
update_ip_catalog -rebuild -repo_path c:/Users/varou/ip_repo/quickmaffs_1.0
report_ip_status -name ip_status 
upgrade_ip -vlnv xilinx.com:user:quickmaffs:1.1 [get_ips  design_1_quickmaffs_0_0] -log ip_upgrade.log
export_ip_user_files -of_objects [get_ips design_1_quickmaffs_0_0] -no_script -sync -force -quiet
generate_target all [get_files  C:/Users/varou/OpenSesame/project_arm_quickmaffs/project_arm_quickmaffs.srcs/sources_1/bd/design_1/design_1.bd]
catch { config_ip_cache -export [get_ips -all design_1_quickmaffs_0_0] }
catch { config_ip_cache -export [get_ips -all design_1_auto_pc_0] }
export_ip_user_files -of_objects [get_files C:/Users/varou/OpenSesame/project_arm_quickmaffs/project_arm_quickmaffs.srcs/sources_1/bd/design_1/design_1.bd] -no_script -sync -force -quiet
create_ip_run [get_files -of_objects [get_fileset sources_1] C:/Users/varou/OpenSesame/project_arm_quickmaffs/project_arm_quickmaffs.srcs/sources_1/bd/design_1/design_1.bd]
launch_runs -jobs 2 design_1_quickmaffs_0_0_synth_1
export_simulation -of_objects [get_files C:/Users/varou/OpenSesame/project_arm_quickmaffs/project_arm_quickmaffs.srcs/sources_1/bd/design_1/design_1.bd] -directory C:/Users/varou/OpenSesame/project_arm_quickmaffs/project_arm_quickmaffs.ip_user_files/sim_scripts -ip_user_files_dir C:/Users/varou/OpenSesame/project_arm_quickmaffs/project_arm_quickmaffs.ip_user_files -ipstatic_source_dir C:/Users/varou/OpenSesame/project_arm_quickmaffs/project_arm_quickmaffs.ip_user_files/ipstatic -lib_map_path [list {modelsim=C:/Users/varou/OpenSesame/project_arm_quickmaffs/project_arm_quickmaffs.cache/compile_simlib/modelsim} {questa=C:/Users/varou/OpenSesame/project_arm_quickmaffs/project_arm_quickmaffs.cache/compile_simlib/questa} {riviera=C:/Users/varou/OpenSesame/project_arm_quickmaffs/project_arm_quickmaffs.cache/compile_simlib/riviera} {activehdl=C:/Users/varou/OpenSesame/project_arm_quickmaffs/project_arm_quickmaffs.cache/compile_simlib/activehdl}] -use_ip_compiled_libs -force -quiet
report_ip_status -name ip_status 
validate_bd_design -force
save_bd_design
reset_run synth_1
reset_run design_1_quickmaffs_0_0_synth_1
launch_runs impl_1 -to_step write_bitstream -jobs 2
wait_on_run impl_1
make_wrapper -files [get_files C:/Users/varou/OpenSesame/project_arm_quickmaffs/project_arm_quickmaffs.srcs/sources_1/bd/design_1/design_1.bd] -top
make_wrapper -files [get_files C:/Users/varou/OpenSesame/project_arm_quickmaffs/project_arm_quickmaffs.srcs/sources_1/bd/design_1/design_1.bd] -top
reset_run synth_1
reset_run design_1_quickmaffs_0_0_synth_1
launch_runs impl_1 -to_step write_bitstream -jobs 2
wait_on_run impl_1
ipx::edit_ip_in_project -upgrade true -name quickmaffs_v1_1_project -directory C:/Users/varou/OpenSesame/project_arm_quickmaffs/project_arm_quickmaffs.tmp/quickmaffs_v1_1_project c:/Users/varou/ip_repo/quickmaffs_1.0/component.xml
update_compile_order -fileset sources_1
ipx::merge_project_changes hdl_parameters [ipx::current_core]
set_property previous_version_for_upgrade {xilinx.com:user:quickmaffs:1.0 xilinx.com:user:quickmaffs:1.1} [ipx::current_core]
set_property core_revision 1 [ipx::current_core]
ipx::create_xgui_files [ipx::current_core]
ipx::update_checksums [ipx::current_core]
ipx::save_core [ipx::current_core]
ipx::check_integrity -quiet [ipx::current_core]
ipx::archive_core {c:\Users\varou\ip_repo\quickmaffs_1.0\xilinx.com_user_quickmaffs_2.0.zip} [ipx::current_core]
set_property core_revision 1 [ipx::current_core]
ipx::create_xgui_files [ipx::current_core]
ipx::update_checksums [ipx::current_core]
ipx::save_core [ipx::current_core]
ipx::check_integrity -quiet [ipx::current_core]
ipx::archive_core {c:\Users\varou\ip_repo\quickmaffs_1.0\xilinx.com_user_quickmaffs_2.0.zip} [ipx::current_core]
current_project project_arm_quickmaffs
update_ip_catalog -rebuild -scan_changes
report_ip_status -name ip_status
current_project quickmaffs_v1_1_project
current_project project_arm_quickmaffs
upgrade_ip -vlnv xilinx.com:user:quickmaffs:2.0 [get_ips  design_1_quickmaffs_0_0] -log ip_upgrade.log
export_ip_user_files -of_objects [get_ips design_1_quickmaffs_0_0] -no_script -sync -force -quiet
generate_target all [get_files  C:/Users/varou/OpenSesame/project_arm_quickmaffs/project_arm_quickmaffs.srcs/sources_1/bd/design_1/design_1.bd]
catch { config_ip_cache -export [get_ips -all design_1_quickmaffs_0_0] }
catch { config_ip_cache -export [get_ips -all design_1_auto_pc_0] }
export_ip_user_files -of_objects [get_files C:/Users/varou/OpenSesame/project_arm_quickmaffs/project_arm_quickmaffs.srcs/sources_1/bd/design_1/design_1.bd] -no_script -sync -force -quiet
create_ip_run [get_files -of_objects [get_fileset sources_1] C:/Users/varou/OpenSesame/project_arm_quickmaffs/project_arm_quickmaffs.srcs/sources_1/bd/design_1/design_1.bd]
launch_runs -jobs 2 design_1_quickmaffs_0_0_synth_1
export_simulation -of_objects [get_files C:/Users/varou/OpenSesame/project_arm_quickmaffs/project_arm_quickmaffs.srcs/sources_1/bd/design_1/design_1.bd] -directory C:/Users/varou/OpenSesame/project_arm_quickmaffs/project_arm_quickmaffs.ip_user_files/sim_scripts -ip_user_files_dir C:/Users/varou/OpenSesame/project_arm_quickmaffs/project_arm_quickmaffs.ip_user_files -ipstatic_source_dir C:/Users/varou/OpenSesame/project_arm_quickmaffs/project_arm_quickmaffs.ip_user_files/ipstatic -lib_map_path [list {modelsim=C:/Users/varou/OpenSesame/project_arm_quickmaffs/project_arm_quickmaffs.cache/compile_simlib/modelsim} {questa=C:/Users/varou/OpenSesame/project_arm_quickmaffs/project_arm_quickmaffs.cache/compile_simlib/questa} {riviera=C:/Users/varou/OpenSesame/project_arm_quickmaffs/project_arm_quickmaffs.cache/compile_simlib/riviera} {activehdl=C:/Users/varou/OpenSesame/project_arm_quickmaffs/project_arm_quickmaffs.cache/compile_simlib/activehdl}] -use_ip_compiled_libs -force -quiet
validate_bd_design -force
report_ip_status -name ip_status 
regenerate_bd_layout
regenerate_bd_layout -routing
validate_bd_design -force
make_wrapper -files [get_files C:/Users/varou/OpenSesame/project_arm_quickmaffs/project_arm_quickmaffs.srcs/sources_1/bd/design_1/design_1.bd] -top
make_wrapper -files [get_files C:/Users/varou/OpenSesame/project_arm_quickmaffs/project_arm_quickmaffs.srcs/sources_1/bd/design_1/design_1.bd] -top
reset_run synth_1
launch_runs impl_1 -to_step write_bitstream -jobs 2
wait_on_run impl_1
open_hw
connect_hw_server
open_hw_target
set_property PROGRAM.FILE {C:/Users/varou/OpenSesame/project_arm_quickmaffs/project_arm_quickmaffs.runs/impl_1/design_1_wrapper.bit} [get_hw_devices xc7z020_1]
current_hw_device [get_hw_devices xc7z020_1]
refresh_hw_device -update_hw_probes false [lindex [get_hw_devices xc7z020_1] 0]
set_property PROBES.FILE {} [get_hw_devices xc7z020_1]
set_property FULL_PROBES.FILE {} [get_hw_devices xc7z020_1]
set_property PROGRAM.FILE {C:/Users/varou/OpenSesame/project_arm_quickmaffs/project_arm_quickmaffs.runs/impl_1/design_1_wrapper.bit} [get_hw_devices xc7z020_1]
program_hw_devices [get_hw_devices xc7z020_1]
refresh_hw_device [lindex [get_hw_devices xc7z020_1] 0]
set_property PROBES.FILE {} [get_hw_devices xc7z020_1]
set_property FULL_PROBES.FILE {} [get_hw_devices xc7z020_1]
set_property PROGRAM.FILE {C:/Users/varou/OpenSesame/project_arm_quickmaffs/project_arm_quickmaffs.runs/impl_1/design_1_wrapper.bit} [get_hw_devices xc7z020_1]
program_hw_devices [get_hw_devices xc7z020_1]
refresh_hw_device [lindex [get_hw_devices xc7z020_1] 0]
file copy -force C:/Users/varou/OpenSesame/project_arm_quickmaffs/project_arm_quickmaffs.runs/impl_1/design_1_wrapper.sysdef C:/Users/varou/OpenSesame/project_arm_quickmaffs/project_arm_quickmaffs.sdk/design_1_wrapper.hdf

current_project quickmaffs_v1_1_project
close_project
close_hw
ipx::edit_ip_in_project -upgrade true -name quickmaffs_v2_0_project -directory C:/Users/varou/OpenSesame/project_arm_quickmaffs/project_arm_quickmaffs.tmp/quickmaffs_v2_0_project c:/Users/varou/ip_repo/quickmaffs_1.0/component.xml
update_compile_order -fileset sources_1
open_hw
connect_hw_server
open_hw_target
set_property PROGRAM.FILE {C:/Users/varou/OpenSesame/project_arm_quickmaffs/project_arm_quickmaffs.runs/impl_1/design_1_wrapper.bit} [get_hw_devices xc7z020_1]
current_hw_device [get_hw_devices xc7z020_1]
refresh_hw_device -update_hw_probes false [lindex [get_hw_devices xc7z020_1] 0]
current_project project_arm_quickmaffs
set_property PROBES.FILE {} [get_hw_devices xc7z020_1]
set_property FULL_PROBES.FILE {} [get_hw_devices xc7z020_1]
set_property PROGRAM.FILE {C:/Users/varou/OpenSesame/project_arm_quickmaffs/project_arm_quickmaffs.runs/impl_1/design_1_wrapper.bit} [get_hw_devices xc7z020_1]
program_hw_devices [get_hw_devices xc7z020_1]
refresh_hw_device [lindex [get_hw_devices xc7z020_1] 0]
